Microchip Technology Inc, v2.10 (B)

Tool Name:
  c:\program files\microchip\xc16\v2.10\bin\bin\..\bin/elf-ld.exe

Command:
  -p24FJ32GU202 \
  --mdfp=C:/Program Files/Microchip/MPLABX/v6.15/packs/Microchip/PIC24F-GP-GU_DFP/1.1.227/xc16 \
  -o \
  dist/XC16_24FJ256GA110/production/MIDI_to_CV.X.production.elf \
  -Lc:/program files/microchip/xc16/v2.10/bin/bin/.. \
  -LC:/Program Files/Microchip/MPLABX/v6.15/packs/Microchip/PIC24F-GP-GU_DFP/1.1.227/xc16/bin/../support/PIC24F/gld \
  -Lc:/program files/microchip/xc16/v2.10/bin/bin/../../lib \
  -Lc:/program files/microchip/xc16/v2.10/bin/bin/../../support/PIC24E/gld \
  -Lc:/program files/microchip/xc16/v2.10/bin/bin/../../support/PIC24F/gld \
  -Lc:/program files/microchip/xc16/v2.10/bin/bin/../../support/PIC24H/gld \
  -Lc:/program files/microchip/xc16/v2.10/bin/bin/../../support/dsPIC30F/gld \
  -Lc:/program files/microchip/xc16/v2.10/bin/bin/../../support/dsPIC33C/gld \
  -Lc:/program files/microchip/xc16/v2.10/bin/bin/../../support/dsPIC33E/gld \
  -Lc:/program files/microchip/xc16/v2.10/bin/bin/../../support/dsPIC33F/gld \
  build/XC16_24FJ256GA110/production/mcc_generated_files/usb/usb_device_generic.o \
  build/XC16_24FJ256GA110/production/mcc_generated_files/usb/usb_device_events.o \
  build/XC16_24FJ256GA110/production/mcc_generated_files/usb/usb_descriptors.o \
  build/XC16_24FJ256GA110/production/mcc_generated_files/usb/usb_hal_16bit.o \
  build/XC16_24FJ256GA110/production/mcc_generated_files/usb/usb_device.o \
  build/XC16_24FJ256GA110/production/usb_events.o \
  build/XC16_24FJ256GA110/production/mcc_generated_files/traps.o \
  build/XC16_24FJ256GA110/production/mcc_generated_files/i2c1.o \
  build/XC16_24FJ256GA110/production/mcc_generated_files/clock.o \
  build/XC16_24FJ256GA110/production/mcc_generated_files/system.o \
  build/XC16_24FJ256GA110/production/mcc_generated_files/pin_manager.o \
  build/XC16_24FJ256GA110/production/mcc_generated_files/mcc.o \
  build/XC16_24FJ256GA110/production/mcc_generated_files/interrupt_manager.o \
  build/XC16_24FJ256GA110/production/configuration_bits.o \
  build/XC16_24FJ256GA110/production/interrupts.o \
  build/XC16_24FJ256GA110/production/main.o \
  build/XC16_24FJ256GA110/production/app_device_audio_midi.o \
  build/XC16_24FJ256GA110/production/app_led_usb_status.o \
  build/XC16_24FJ256GA110/production/led.o \
  --local-stack \
  --defsym=__MPLAB_BUILD=1 \
  -Tp24FJ32GU202.gld.00 \
  --stack=16 \
  --check-sections \
  --data-init \
  --pack-data \
  --handles \
  --isr \
  --no-gc-sections \
  --fill-upper=0 \
  --stackguard=16 \
  --no-force-link \
  --smart-io \
  -Map=dist/XC16_24FJ256GA110/production/MIDI_to_CV.X.production.map \
  --report-mem \
  --memorysummary \
  dist/XC16_24FJ256GA110/production/memoryfile.xml \
  -start-group \
  --library=c99-pic30-elf \
  --library=m-elf \
  --library=c99-elf \
  -end-group \


Optional library libpPIC24Fxxx.a not found
Archive member included because of file (symbol)

c:/program files/microchip/xc16/v2.10/bin/bin/../../lib\libc99-pic30-elf.a(crt0_extended24.o)
                              (__resetPRI)
c:/program files/microchip/xc16/v2.10/bin/bin/../../lib\libc99-pic30-elf.a(data_init_24.o)
                              c:/program files/microchip/xc16/v2.10/bin/bin/../../lib\libc99-pic30-elf.a(crt0_extended24.o) (__data_init_da)
c:/program files/microchip/xc16/v2.10/bin/bin/../../lib\libc99-pic30-elf.a(crt_start_mode_normalda.Meo)
                              (__crt_start_mode_normal)
c:/program files/microchip/xc16/v2.10/bin/bin/../../lib\libc99-elf.a(lite_free.DA_o)
                              build/XC16_24FJ256GA110/production/app_device_audio_midi.o (_free)
c:/program files/microchip/xc16/v2.10/bin/bin/../../lib\libc99-elf.a(lite_malloc.DA_o)
                              build/XC16_24FJ256GA110/production/app_device_audio_midi.o (_malloc)
c:/program files/microchip/xc16/v2.10/bin/bin/../../lib\libc99-elf.a(memcpy.DA_o)
                              build/XC16_24FJ256GA110/production/mcc_generated_files/usb/usb_device.o (_memcpy)
c:/program files/microchip/xc16/v2.10/bin/bin/../../lib\libc99-elf.a(memset.DA_o)
                              build/XC16_24FJ256GA110/production/mcc_generated_files/usb/usb_device.o (_memset)
c:/program files/microchip/xc16/v2.10/bin/bin/../../lib\libc99-elf.a(__errno_location.DA_o)
                              c:/program files/microchip/xc16/v2.10/bin/bin/../../lib\libc99-elf.a(lite_malloc.DA_o) (___errno_val)
c:/program files/microchip/xc16/v2.10/bin/bin/../../lib\libc99-elf.a(expand_heap.DA_o)
                              c:/program files/microchip/xc16/v2.10/bin/bin/../../lib\libc99-elf.a(lite_malloc.DA_o) (___expand_heap)
c:/program files/microchip/xc16/v2.10/bin/bin/../../lib\libc99-pic30-elf.a(sbrkda.Meo)
                              c:/program files/microchip/xc16/v2.10/bin/bin/../../lib\libc99-elf.a(expand_heap.DA_o) (_sbrk)
[...]
Memory Configuration

Name             Origin             Length             Attributes
data             0x000800           0x002000           a !xr
reset            0x000000           0x000004  
ivt              0x000004           0x0000fc  
program          0x000100           0x005600           xr
FSEC             0x005700           0x000002  
FBSLIM           0x005710           0x000002  
FSIGN            0x005714           0x000002  
FOSCSEL          0x005718           0x000002  
FOSC             0x00571c           0x000002  
FWDT             0x005720           0x000002  
FPOR             0x005724           0x000002  
FICD             0x005728           0x000002  
FDMTIVTL         0x00572c           0x000002  
FDMTIVTH         0x005730           0x000002  
FDMTCNTL         0x005734           0x000002  
FDMTCNTH         0x005738           0x000002  
FMDT             0x00573c           0x000002  
FDEVOPT1         0x005740           0x000002  
*default*        0x000000           0xffffffff  

Linker script and memory map

LOAD build/XC16_24FJ256GA110/production/mcc_generated_files/usb/usb_device_generic.o
LOAD build/XC16_24FJ256GA110/production/mcc_generated_files/usb/usb_device_events.o
LOAD build/XC16_24FJ256GA110/production/mcc_generated_files/usb/usb_descriptors.o
LOAD build/XC16_24FJ256GA110/production/mcc_generated_files/usb/usb_hal_16bit.o
LOAD build/XC16_24FJ256GA110/production/mcc_generated_files/usb/usb_device.o
LOAD build/XC16_24FJ256GA110/production/usb_events.o
LOAD build/XC16_24FJ256GA110/production/mcc_generated_files/traps.o
LOAD build/XC16_24FJ256GA110/production/mcc_generated_files/i2c1.o
LOAD build/XC16_24FJ256GA110/production/mcc_generated_files/clock.o
LOAD build/XC16_24FJ256GA110/production/mcc_generated_files/system.o
LOAD build/XC16_24FJ256GA110/production/mcc_generated_files/pin_manager.o
LOAD build/XC16_24FJ256GA110/production/mcc_generated_files/mcc.o
LOAD build/XC16_24FJ256GA110/production/mcc_generated_files/interrupt_manager.o
LOAD build/XC16_24FJ256GA110/production/configuration_bits.o
LOAD build/XC16_24FJ256GA110/production/interrupts.o
LOAD build/XC16_24FJ256GA110/production/main.o
LOAD build/XC16_24FJ256GA110/production/app_device_audio_midi.o
LOAD build/XC16_24FJ256GA110/production/app_led_usb_status.o
LOAD build/XC16_24FJ256GA110/production/led.o
                    0x0001                  __MPLAB_BUILD = 0x1
LOAD pPIC24Fxxx
LOAD c:/program files/microchip/xc16/v2.10/bin/bin/../../lib\libfx-elf.a
                    0x801024                  _iwri1 = 0x801024
                    0x801028                  _iwri2 = 0x801028
                    0x5700                  __FSEC = 0x5700
                    0x5710                  __FBSLIM = 0x5710
                    0x5714                  __FSIGN = 0x5714
                    0x5718                  __FOSCSEL = 0x5718
                    0x571c                  __FOSC = 0x571c
                    0x5720                  __FWDT = 0x5720
                    0x5724                  __FPOR = 0x5724
                    0x5728                  __FICD = 0x5728
                    0x572c                  __FDMTIVTL = 0x572c
                    0x5730                  __FDMTIVTH = 0x5730
                    0x5734                  __FDMTCNTL = 0x5734
                    0x5738                  __FDMTCNTH = 0x5738
                    0x573c                  __FMDT = 0x573c
                    0x5740                  __FDEVOPT1 = 0x5740
                    0x0001                  __NO_HANDLES = 0x1
                    0x0100                  __CODE_BASE = 0x100
                    0x5600                  __CODE_LENGTH = 0x5600
                    0x0004                  __IVT_BASE = 0x4
                    0x0800                  __DATA_BASE = 0x800
                    0x2000                  __DATA_LENGTH = 0x2000

.reset            0x000000          0x4
                  0x000000          0x2 SHORT 0x100 ABSOLUTE (__reset)
                  0x000001          0x2 SHORT 0x4
                  0x000002          0x2 SHORT 0x0 ((ABSOLUTE (__reset) >> 0x10) & 0x7f)
                  0x000003          0x2 SHORT 0x0

.text             0x000100        0x684
 *(.init)
 .init            0x000100         0x4c c:/program files/microchip/xc16/v2.10/bin/bin/../../lib\libc99-pic30-elf.a(crt0_extended24.o)
                  0x000100                  __resetPRI
                  0x000100                  __reset
                  0x00013c                  __psv_init
 .init            0x00014c         0xb8 c:/program files/microchip/xc16/v2.10/bin/bin/../../lib\libc99-pic30-elf.a(data_init_24.o)
                  0x000152                  __data_init
                  0x000152                  __data_init_da
 *(.user_init)
 *(.handle)
 *(.isr*)
 .isr.text        0x000208         0xc2 build/XC16_24FJ256GA110/production/mcc_generated_files/traps.o
                  0x000208                  __OscillatorFail
                  0x000228                  __StackError
                  0x00024a                  __AddressError
                  0x00026a                  __MathError
                  0x00028a                  __NVMError
                  0x0002aa                  __GeneralError
 .isr.text        0x0002ca        0x250 build/XC16_24FJ256GA110/production/mcc_generated_files/i2c1.o
                  0x0002ca                  __MI2C1Interrupt
 .isr             0x00051a          0x4 default_isr
                  0x00051a                  __DefaultInterrupt
 *(.libc)
 .libc            0x00051e         0x2a c:/program files/microchip/xc16/v2.10/bin/bin/../../lib\libc99-pic30-elf.a(sbrkda.Meo)
                  0x00051e                  _sbrk
 .libc            0x000548         0x1a c:/program files/microchip/xc16/v2.10/bin/bin/../../lib\libc99-pic30-elf.a(brkda.Meo)
                  0x000548                  _brk
 *(.libm)
 *(.libdsp)
 *(.lib*)
 .libpic30_crt_start_mode
                  0x000562          0x2 c:/program files/microchip/xc16/v2.10/bin/bin/../../lib\libc99-pic30-elf.a(crt_start_mode_normalda.Meo)
                  0x000562                  __crt_start_mode
                  0x000562                  __crt_start_mode_normal
 .libc.__simple_search_fl
                  0x000564         0x6e c:/program files/microchip/xc16/v2.10/bin/bin/../../lib\libc99-elf.a(lite_free.DA_o)
                  0x000564                  ___simple_search_fl
 .libc.__simple_free
                  0x0005d2         0x36 c:/program files/microchip/xc16/v2.10/bin/bin/../../lib\libc99-elf.a(lite_free.DA_o)
                  0x0005d2                  ::_(float, long double,...)(...)(void)
                  0x0005d2                  ___simple_free
                  0x0005d2                  _free
 .libc.__simple_malloc
                  0x000608         0x86 c:/program files/microchip/xc16/v2.10/bin/bin/../../lib\libc99-elf.a(lite_malloc.DA_o)
                  0x000608                  ___malloc0
                  0x000608                  _malloc
                  0x000608                  ___simple_malloc
 .libc.memcpy     0x00068e          0xe c:/program files/microchip/xc16/v2.10/bin/bin/../../lib\libc99-elf.a(memcpy.DA_o)
                  0x00068e                  _memcpy
 .libc.memset     0x00069c         0xc8 c:/program files/microchip/xc16/v2.10/bin/bin/../../lib\libc99-elf.a(memset.DA_o)
                  0x00069c                  _memset
 .libc.__expand_heap
                  0x000764         0x14 c:/program files/microchip/xc16/v2.10/bin/bin/../../lib\libc99-elf.a(expand_heap.DA_o)
                  0x000764                  ___expand_heap
 .libm.mulsi3     0x000778          0xc c:/program files/microchip/xc16/v2.10/bin/bin/../../lib\libc99-pic30-elf.a(mulsi3.DA_o)
                  0x000778                  ___mulp32peds3
                  0x000778                  ___mulsi3
                  0x000778                  ___mulp32eds3

usercode
 *(usercode)

__FSEC            0x005700          0x2
 *(__FSEC.sec*)
 __FSEC.sec       0x005700          0x2 /CW/_FSEC
                  0x005700                  __FSEC.sec

__FBSLIM
 *(__FBSLIM.sec*)

__FSIGN
 *(__FSIGN.sec*)

__FOSCSEL
 *(__FOSCSEL.sec*)

__FOSC
 *(__FOSC.sec*)

__FWDT
 *(__FWDT.sec*)

__FPOR
 *(__FPOR.sec*)

__FICD
 *(__FICD.sec*)

__FDMTIVTL
 *(__FDMTIVTL.sec*)

__FDMTIVTH
 *(__FDMTIVTH.sec*)

__FDMTCNTL
 *(__FDMTCNTL.sec*)

__FDMTCNTH
 *(__FDMTCNTH.sec*)

__FMDT
 *(__FMDT.sec*)

__FDEVOPT1
 *(__FDEVOPT1.sec*)

.comment
 *(.comment)

.debug_info       0x000000       0x881a
 *(.debug_info)
 .debug_info      0x000000        0x170 build/XC16_24FJ256GA110/production/mcc_generated_files/usb/usb_device_generic.o
 .debug_info      0x000170        0x596 build/XC16_24FJ256GA110/production/mcc_generated_files/usb/usb_device_events.o
 .debug_info      0x000706        0x843 build/XC16_24FJ256GA110/production/mcc_generated_files/usb/usb_descriptors.o
 .debug_info      0x000f49       0x125d build/XC16_24FJ256GA110/production/mcc_generated_files/usb/usb_hal_16bit.o
 .debug_info      0x0021a6       0x28bd build/XC16_24FJ256GA110/production/mcc_generated_files/usb/usb_device.o
 .debug_info      0x004a63        0x150 build/XC16_24FJ256GA110/production/usb_events.o
 .debug_info      0x004bb3        0x4d3 build/XC16_24FJ256GA110/production/mcc_generated_files/traps.o
 .debug_info      0x005086       0x100f build/XC16_24FJ256GA110/production/mcc_generated_files/i2c1.o
 .debug_info      0x006095        0x4b7 build/XC16_24FJ256GA110/production/mcc_generated_files/clock.o
 .debug_info      0x00654c        0x371 build/XC16_24FJ256GA110/production/mcc_generated_files/system.o
 .debug_info      0x0068bd        0x3a5 build/XC16_24FJ256GA110/production/mcc_generated_files/pin_manager.o
 .debug_info      0x006c62        0x42f build/XC16_24FJ256GA110/production/mcc_generated_files/interrupt_manager.o
 .debug_info      0x007091        0x14f build/XC16_24FJ256GA110/production/configuration_bits.o
 .debug_info      0x0071e0        0x147 build/XC16_24FJ256GA110/production/interrupts.o
 .debug_info      0x007327        0x516 build/XC16_24FJ256GA110/production/main.o
 .debug_info      0x00783d        0xdd3 build/XC16_24FJ256GA110/production/app_device_audio_midi.o
 .debug_info      0x008610        0x17e build/XC16_24FJ256GA110/production/app_led_usb_status.o
 .debug_info      0x00878e         0x8c c:/program files/microchip/xc16/v2.10/bin/bin/../../lib\libc99-pic30-elf.a(mulsi3.DA_o)
 *(.gnu.linkonce.wi.*)

.debug_abbrev     0x000000        0xfa0
 *(.debug_abbrev)
 .debug_abbrev    0x000000         0x1f build/XC16_24FJ256GA110/production/mcc_generated_files/usb/usb_device_generic.o
 .debug_abbrev    0x00001f         0x7c build/XC16_24FJ256GA110/production/mcc_generated_files/usb/usb_device_events.o
 .debug_abbrev    0x00009b        0x102 build/XC16_24FJ256GA110/production/mcc_generated_files/usb/usb_descriptors.o
 .debug_abbrev    0x00019d        0x1c6 build/XC16_24FJ256GA110/production/mcc_generated_files/usb/usb_hal_16bit.o
 .debug_abbrev    0x000363        0x2be build/XC16_24FJ256GA110/production/mcc_generated_files/usb/usb_device.o
 .debug_abbrev    0x000621         0x1f build/XC16_24FJ256GA110/production/usb_events.o
 .debug_abbrev    0x000640        0x100 build/XC16_24FJ256GA110/production/mcc_generated_files/traps.o
 .debug_abbrev    0x000740        0x212 build/XC16_24FJ256GA110/production/mcc_generated_files/i2c1.o
 .debug_abbrev    0x000952         0xc5 build/XC16_24FJ256GA110/production/mcc_generated_files/clock.o
 .debug_abbrev    0x000a17         0xb4 build/XC16_24FJ256GA110/production/mcc_generated_files/system.o
 .debug_abbrev    0x000acb         0x59 build/XC16_24FJ256GA110/production/mcc_generated_files/pin_manager.o
 .debug_abbrev    0x000b24          0x1 build/XC16_24FJ256GA110/production/mcc_generated_files/mcc.o
 .debug_abbrev    0x000b25         0xb4 build/XC16_24FJ256GA110/production/mcc_generated_files/interrupt_manager.o
 .debug_abbrev    0x000bd9         0x1f build/XC16_24FJ256GA110/production/configuration_bits.o
 .debug_abbrev    0x000bf8         0x1f build/XC16_24FJ256GA110/production/interrupts.o
 .debug_abbrev    0x000c17         0xdd build/XC16_24FJ256GA110/production/main.o
 .debug_abbrev    0x000cf4        0x263 build/XC16_24FJ256GA110/production/app_device_audio_midi.o
 .debug_abbrev    0x000f57         0x34 build/XC16_24FJ256GA110/production/app_led_usb_status.o
 .debug_abbrev    0x000f8b          0x1 build/XC16_24FJ256GA110/production/led.o
 .debug_abbrev    0x000f8c         0x14 c:/program files/microchip/xc16/v2.10/bin/bin/../../lib\libc99-pic30-elf.a(mulsi3.DA_o)

.debug_line       0x000000       0x13bd
 *(.debug_line)
 .debug_line      0x000000         0x1a build/XC16_24FJ256GA110/production/mcc_generated_files/usb/usb_device_generic.o
 .debug_line      0x00001a         0xdc build/XC16_24FJ256GA110/production/mcc_generated_files/usb/usb_device_events.o
 .debug_line      0x0000f6         0xb3 build/XC16_24FJ256GA110/production/mcc_generated_files/usb/usb_descriptors.o
 .debug_line      0x0001a9        0x1b6 build/XC16_24FJ256GA110/production/mcc_generated_files/usb/usb_hal_16bit.o
 .debug_line      0x00035f        0x42f build/XC16_24FJ256GA110/production/mcc_generated_files/usb/usb_device.o
 .debug_line      0x00078e         0x1a build/XC16_24FJ256GA110/production/usb_events.o
 .debug_line      0x0007a8        0x153 build/XC16_24FJ256GA110/production/mcc_generated_files/traps.o
 .debug_line      0x0008fb        0x203 build/XC16_24FJ256GA110/production/mcc_generated_files/i2c1.o
 .debug_line      0x000afe        0x128 build/XC16_24FJ256GA110/production/mcc_generated_files/clock.o
 .debug_line      0x000c26        0x120 build/XC16_24FJ256GA110/production/mcc_generated_files/system.o
 .debug_line      0x000d46        0x12e build/XC16_24FJ256GA110/production/mcc_generated_files/pin_manager.o
 .debug_line      0x000e74         0x1a build/XC16_24FJ256GA110/production/mcc_generated_files/mcc.o
 .debug_line      0x000e8e        0x126 build/XC16_24FJ256GA110/production/mcc_generated_files/interrupt_manager.o
 .debug_line      0x000fb4         0x1a build/XC16_24FJ256GA110/production/configuration_bits.o
 .debug_line      0x000fce         0x1a build/XC16_24FJ256GA110/production/interrupts.o
 .debug_line      0x000fe8        0x15d build/XC16_24FJ256GA110/production/main.o
 .debug_line      0x001145        0x1e0 build/XC16_24FJ256GA110/production/app_device_audio_midi.o
 .debug_line      0x001325         0x44 build/XC16_24FJ256GA110/production/app_led_usb_status.o
 .debug_line      0x001369         0x1a build/XC16_24FJ256GA110/production/led.o
 .debug_line      0x001383         0x3a c:/program files/microchip/xc16/v2.10/bin/bin/../../lib\libc99-pic30-elf.a(mulsi3.DA_o)

.debug_frame      0x000000        0x922
 *(.debug_frame)
 .debug_frame     0x000000         0x2e build/XC16_24FJ256GA110/production/mcc_generated_files/usb/usb_device_events.o
 .debug_frame     0x00002e         0xca build/XC16_24FJ256GA110/production/mcc_generated_files/usb/usb_hal_16bit.o
 .debug_frame     0x0000f8        0x2b8 build/XC16_24FJ256GA110/production/mcc_generated_files/usb/usb_device.o
 .debug_frame     0x0003b0        0x1bc build/XC16_24FJ256GA110/production/mcc_generated_files/traps.o
 .debug_frame     0x00056c        0x170 build/XC16_24FJ256GA110/production/mcc_generated_files/i2c1.o
 .debug_frame     0x0006dc         0x2e build/XC16_24FJ256GA110/production/mcc_generated_files/clock.o
 .debug_frame     0x00070a         0x2e build/XC16_24FJ256GA110/production/mcc_generated_files/system.o
 .debug_frame     0x000738         0x2e build/XC16_24FJ256GA110/production/mcc_generated_files/pin_manager.o
 .debug_frame     0x000766         0x2e build/XC16_24FJ256GA110/production/mcc_generated_files/interrupt_manager.o
 .debug_frame     0x000794         0x2e build/XC16_24FJ256GA110/production/main.o
 .debug_frame     0x0007c2        0x132 build/XC16_24FJ256GA110/production/app_device_audio_midi.o
 .debug_frame     0x0008f4         0x2e build/XC16_24FJ256GA110/production/app_led_usb_status.o

.debug_str        0x000000        0x4b8
 *(.debug_str)
 .debug_str       0x000000         0x2a build/XC16_24FJ256GA110/production/mcc_generated_files/usb/usb_descriptors.o
 .debug_str       0x00002a         0xa1 build/XC16_24FJ256GA110/production/mcc_generated_files/usb/usb_hal_16bit.o
 .debug_str       0x0000cb        0x2b8 build/XC16_24FJ256GA110/production/mcc_generated_files/usb/usb_device.o
 .debug_str       0x000383         0x24 build/XC16_24FJ256GA110/production/mcc_generated_files/traps.o
 .debug_str       0x0003a7         0x5d build/XC16_24FJ256GA110/production/mcc_generated_files/i2c1.o
 .debug_str       0x000404         0x1d build/XC16_24FJ256GA110/production/mcc_generated_files/clock.o
 .debug_str       0x000421          0xc build/XC16_24FJ256GA110/production/mcc_generated_files/system.o
 .debug_str       0x00042d          0x9 build/XC16_24FJ256GA110/production/mcc_generated_files/interrupt_manager.o
 .debug_str       0x000436         0x23 build/XC16_24FJ256GA110/production/main.o
 .debug_str       0x000459         0x5f build/XC16_24FJ256GA110/production/app_device_audio_midi.o

.debug_loc
 *(.debug_loc)

.debug_macinfo
 *(.debug_macinfo)

.debug_pubnames
                  0x000000        0x86d
 *(.debug_pubnames)
 .debug_pubnames
                  0x000000         0x36 build/XC16_24FJ256GA110/production/mcc_generated_files/usb/usb_device_events.o
 .debug_pubnames
                  0x000036         0x73 build/XC16_24FJ256GA110/production/mcc_generated_files/usb/usb_descriptors.o
 .debug_pubnames
                  0x0000a9         0xa2 build/XC16_24FJ256GA110/production/mcc_generated_files/usb/usb_hal_16bit.o
 .debug_pubnames
                  0x00014b        0x37b build/XC16_24FJ256GA110/production/mcc_generated_files/usb/usb_device.o
 .debug_pubnames
                  0x0004c6         0x8f build/XC16_24FJ256GA110/production/mcc_generated_files/traps.o
 .debug_pubnames
                  0x000555        0x103 build/XC16_24FJ256GA110/production/mcc_generated_files/i2c1.o
 .debug_pubnames
                  0x000658         0x27 build/XC16_24FJ256GA110/production/mcc_generated_files/clock.o
 .debug_pubnames
                  0x00067f         0x28 build/XC16_24FJ256GA110/production/mcc_generated_files/system.o
 .debug_pubnames
                  0x0006a7         0x2d build/XC16_24FJ256GA110/production/mcc_generated_files/pin_manager.o
 .debug_pubnames
                  0x0006d4         0x2b build/XC16_24FJ256GA110/production/mcc_generated_files/interrupt_manager.o
 .debug_pubnames
                  0x0006ff         0x1b build/XC16_24FJ256GA110/production/main.o
 .debug_pubnames
                  0x00071a        0x126 build/XC16_24FJ256GA110/production/app_device_audio_midi.o
 .debug_pubnames
                  0x000840         0x2d build/XC16_24FJ256GA110/production/app_led_usb_status.o

.debug_ranges
 *(.debug_ranges)

.debug_aranges    0x000000        0x140
 *(.debug_aranges)
 .debug_aranges
                  0x000000         0x18 build/XC16_24FJ256GA110/production/mcc_generated_files/usb/usb_device_events.o
 .debug_aranges
                  0x000018         0x18 build/XC16_24FJ256GA110/production/mcc_generated_files/usb/usb_hal_16bit.o
 .debug_aranges
                  0x000030         0x18 build/XC16_24FJ256GA110/production/mcc_generated_files/usb/usb_device.o
 .debug_aranges
                  0x000048         0x18 build/XC16_24FJ256GA110/production/mcc_generated_files/traps.o
 .debug_aranges
                  0x000060         0x18 build/XC16_24FJ256GA110/production/mcc_generated_files/i2c1.o
 .debug_aranges
                  0x000078         0x18 build/XC16_24FJ256GA110/production/mcc_generated_files/clock.o
 .debug_aranges
                  0x000090         0x18 build/XC16_24FJ256GA110/production/mcc_generated_files/system.o
 .debug_aranges
                  0x0000a8         0x18 build/XC16_24FJ256GA110/production/mcc_generated_files/pin_manager.o
 .debug_aranges
                  0x0000c0         0x18 build/XC16_24FJ256GA110/production/mcc_generated_files/interrupt_manager.o
 .debug_aranges
                  0x0000d8         0x18 build/XC16_24FJ256GA110/production/main.o
 .debug_aranges
                  0x0000f0         0x18 build/XC16_24FJ256GA110/production/app_device_audio_midi.o
 .debug_aranges
                  0x000108         0x18 build/XC16_24FJ256GA110/production/app_led_usb_status.o
 .debug_aranges
                  0x000120         0x20 c:/program files/microchip/xc16/v2.10/bin/bin/../../lib\libc99-pic30-elf.a(mulsi3.DA_o)
                    0x0000                  WREG0 = 0x0
                    0x0000                  _WREG0 = 0x0
                    0x0002                  WREG1 = 0x2
                    0x0002                  _WREG1 = 0x2
                    0x0004                  WREG2 = 0x4
                    0x0004                  _WREG2 = 0x4
                    0x0006                  WREG3 = 0x6
                    0x0006                  _WREG3 = 0x6
                    0x0008                  WREG4 = 0x8
                    0x0008                  _WREG4 = 0x8
                    0x000a                  WREG5 = 0xa
                    0x000a                  _WREG5 = 0xa
                    0x000c                  WREG6 = 0xc
                    0x000c                  _WREG6 = 0xc
                    0x000e                  WREG7 = 0xe
                    0x000e                  _WREG7 = 0xe
                    0x0010                  WREG8 = 0x10
                    0x0010                  _WREG8 = 0x10
                    0x0012                  WREG9 = 0x12
                    0x0012                  _WREG9 = 0x12
                    0x0014                  WREG10 = 0x14
                    0x0014                  _WREG10 = 0x14
                    0x0016                  WREG11 = 0x16
                    0x0016                  _WREG11 = 0x16
                    0x0018                  WREG12 = 0x18
                    0x0018                  _WREG12 = 0x18
                    0x001a                  WREG13 = 0x1a
                    0x001a                  _WREG13 = 0x1a
                    0x001c                  WREG14 = 0x1c
                    0x001c                  _WREG14 = 0x1c
                    0x001e                  WREG15 = 0x1e
                    0x001e                  _WREG15 = 0x1e
                    0x0020                  SPLIM = 0x20
                    0x0020                  _SPLIM = 0x20
                    0x002e                  PCL = 0x2e
                    0x002e                  _PCL = 0x2e
                    0x0030                  PCH = 0x30
                    0x0030                  _PCH = 0x30
                    0x0032                  DSRPAG = 0x32
                    0x0032                  _DSRPAG = 0x32
                    0x0032                  _DSRPAGbits = 0x32
                    0x0034                  DSWPAG = 0x34
                    0x0034                  _DSWPAG = 0x34
                    0x0034                  _DSWPAGbits = 0x34
                    0x0036                  RCOUNT = 0x36
                    0x0036                  _RCOUNT = 0x36
                    0x0042                  SR = 0x42
                    0x0042                  _SR = 0x42
                    0x0042                  _SRbits = 0x42
                    0x0044                  CORCON = 0x44
                    0x0044                  _CORCON = 0x44
                    0x0044                  _CORCONbits = 0x44
                    0x0052                  DISICNT = 0x52
                    0x0052                  _DISICNT = 0x52
                    0x0052                  _DISICNTbits = 0x52
                    0x0054                  TBLPAG = 0x54
                    0x0054                  _TBLPAG = 0x54
                    0x0054                  _TBLPAGbits = 0x54
                    0x005c                  DMTCON = 0x5c
                    0x005c                  _DMTCON = 0x5c
                    0x005c                  _DMTCONbits = 0x5c
                    0x0060                  DMTPRECLR = 0x60
                    0x0060                  _DMTPRECLR = 0x60
                    0x0060                  _DMTPRECLRbits = 0x60
                    0x0064                  DMTCLR = 0x64
                    0x0064                  _DMTCLR = 0x64
                    0x0064                  _DMTCLRbits = 0x64
                    0x0068                  DMTSTAT = 0x68
                    0x0068                  _DMTSTAT = 0x68
                    0x0068                  _DMTSTATbits = 0x68
                    0x006c                  DMTCNTL = 0x6c
                    0x006c                  _DMTCNTL = 0x6c
                    0x006e                  DMTCNTH = 0x6e
                    0x006e                  _DMTCNTH = 0x6e
                    0x0070                  DMTHOLDREG = 0x70
                    0x0070                  _DMTHOLDREG = 0x70
                    0x0074                  DMTPSCNTL = 0x74
                    0x0074                  _DMTPSCNTL = 0x74
                    0x0076                  DMTPSCNTH = 0x76
                    0x0076                  _DMTPSCNTH = 0x76
                    0x0078                  DMTPSINTVL = 0x78
                    0x0078                  _DMTPSINTVL = 0x78
                    0x007a                  DMTPSINTVH = 0x7a
                    0x007a                  _DMTPSINTVH = 0x7a
                    0x0080                  INTCON1 = 0x80
                    0x0080                  _INTCON1 = 0x80
                    0x0080                  _INTCON1bits = 0x80
                    0x0082                  INTCON2 = 0x82
                    0x0082                  _INTCON2 = 0x82
                    0x0082                  _INTCON2bits = 0x82
                    0x0084                  INTCON3 = 0x84
                    0x0084                  _INTCON3 = 0x84
                    0x0084                  _INTCON3bits = 0x84
                    0x0086                  INTCON4 = 0x86
                    0x0086                  _INTCON4 = 0x86
                    0x0086                  _INTCON4bits = 0x86
                    0x0088                  IFS0 = 0x88
                    0x0088                  _IFS0 = 0x88
                    0x0088                  _IFS0bits = 0x88
                    0x008a                  IFS1 = 0x8a
                    0x008a                  _IFS1 = 0x8a
                    0x008a                  _IFS1bits = 0x8a
                    0x008c                  IFS2 = 0x8c
                    0x008c                  _IFS2 = 0x8c
                    0x008c                  _IFS2bits = 0x8c
                    0x008e                  IFS3 = 0x8e
                    0x008e                  _IFS3 = 0x8e
                    0x008e                  _IFS3bits = 0x8e
                    0x0090                  IFS4 = 0x90
                    0x0090                  _IFS4 = 0x90
                    0x0090                  _IFS4bits = 0x90
                    0x0092                  IFS5 = 0x92
                    0x0092                  _IFS5 = 0x92
                    0x0092                  _IFS5bits = 0x92
                    0x0094                  IFS6 = 0x94
                    0x0094                  _IFS6 = 0x94
                    0x0094                  _IFS6bits = 0x94
                    0x0096                  IFS7 = 0x96
                    0x0096                  _IFS7 = 0x96
                    0x0096                  _IFS7bits = 0x96
                    0x0098                  IEC0 = 0x98
                    0x0098                  _IEC0 = 0x98
                    0x0098                  _IEC0bits = 0x98
                    0x009a                  IEC1 = 0x9a
                    0x009a                  _IEC1 = 0x9a
                    0x009a                  _IEC1bits = 0x9a
                    0x009c                  IEC2 = 0x9c
                    0x009c                  _IEC2 = 0x9c
                    0x009c                  _IEC2bits = 0x9c
                    0x009e                  IEC3 = 0x9e
                    0x009e                  _IEC3 = 0x9e
                    0x009e                  _IEC3bits = 0x9e
                    0x00a0                  IEC4 = 0xa0
                    0x00a0                  _IEC4 = 0xa0
                    0x00a0                  _IEC4bits = 0xa0
                    0x00a2                  IEC5 = 0xa2
                    0x00a2                  _IEC5 = 0xa2
                    0x00a2                  _IEC5bits = 0xa2
                    0x00a4                  IEC6 = 0xa4
                    0x00a4                  _IEC6 = 0xa4
                    0x00a4                  _IEC6bits = 0xa4
                    0x00a6                  IEC7 = 0xa6
                    0x00a6                  _IEC7 = 0xa6
                    0x00a6                  _IEC7bits = 0xa6
                    0x00a8                  IPC0 = 0xa8
                    0x00a8                  _IPC0 = 0xa8
                    0x00a8                  _IPC0bits = 0xa8
                    0x00aa                  IPC1 = 0xaa
                    0x00aa                  _IPC1 = 0xaa
                    0x00aa                  _IPC1bits = 0xaa
                    0x00ac                  IPC2 = 0xac
                    0x00ac                  _IPC2 = 0xac
                    0x00ac                  _IPC2bits = 0xac
                    0x00ae                  IPC3 = 0xae
                    0x00ae                  _IPC3 = 0xae
                    0x00ae                  _IPC3bits = 0xae
                    0x00b0                  IPC4 = 0xb0
                    0x00b0                  _IPC4 = 0xb0
                    0x00b0                  _IPC4bits = 0xb0
                    0x00b2                  IPC5 = 0xb2
                    0x00b2                  _IPC5 = 0xb2
                    0x00b2                  _IPC5bits = 0xb2
                    0x00b6                  IPC7 = 0xb6
                    0x00b6                  _IPC7 = 0xb6
                    0x00b6                  _IPC7bits = 0xb6
                    0x00b8                  IPC8 = 0xb8
                    0x00b8                  _IPC8 = 0xb8
                    0x00b8                  _IPC8bits = 0xb8
                    0x00ba                  IPC9 = 0xba
                    0x00ba                  _IPC9 = 0xba
                    0x00bc                  IPC10 = 0xbc
                    0x00bc                  _IPC10 = 0xbc
                    0x00bc                  _IPC10bits = 0xbc
                    0x00be                  IPC11 = 0xbe
                    0x00be                  _IPC11 = 0xbe
                    0x00be                  _IPC11bits = 0xbe
                    0x00c0                  IPC12 = 0xc0
                    0x00c0                  _IPC12 = 0xc0
                    0x00c0                  _IPC12bits = 0xc0
                    0x00c2                  IPC13 = 0xc2
                    0x00c2                  _IPC13 = 0xc2
                    0x00c2                  _IPC13bits = 0xc2
                    0x00c4                  IPC14 = 0xc4
                    0x00c4                  _IPC14 = 0xc4
                    0x00c4                  _IPC14bits = 0xc4
                    0x00c6                  IPC15 = 0xc6
                    0x00c6                  _IPC15 = 0xc6
                    0x00c6                  _IPC15bits = 0xc6
                    0x00c8                  IPC16 = 0xc8
                    0x00c8                  _IPC16 = 0xc8
                    0x00c8                  _IPC16bits = 0xc8
                    0x00ca                  IPC17 = 0xca
                    0x00ca                  _IPC17 = 0xca
                    0x00cc                  IPC18 = 0xcc
                    0x00cc                  _IPC18 = 0xcc
                    0x00cc                  _IPC18bits = 0xcc
                    0x00ce                  IPC19 = 0xce
                    0x00ce                  _IPC19 = 0xce
                    0x00d0                  IPC20 = 0xd0
                    0x00d0                  _IPC20 = 0xd0
                    0x00d2                  IPC21 = 0xd2
                    0x00d2                  _IPC21 = 0xd2
                    0x00d2                  _IPC21bits = 0xd2
                    0x00d4                  IPC22 = 0xd4
                    0x00d4                  _IPC22 = 0xd4
                    0x00d6                  IPC23 = 0xd6
                    0x00d6                  _IPC23 = 0xd6
                    0x00d6                  _IPC23bits = 0xd6
                    0x00d8                  IPC24 = 0xd8
                    0x00d8                  _IPC24 = 0xd8
                    0x00d8                  _IPC24bits = 0xd8
                    0x00da                  IPC25 = 0xda
                    0x00da                  _IPC25 = 0xda
                    0x00dc                  IPC26 = 0xdc
                    0x00dc                  _IPC26 = 0xdc
                    0x00dc                  _IPC26bits = 0xdc
                    0x00de                  IPC27 = 0xde
                    0x00de                  _IPC27 = 0xde
                    0x00de                  _IPC27bits = 0xde
                    0x00e0                  IPC28 = 0xe0
                    0x00e0                  _IPC28 = 0xe0
                    0x00e2                  IPC29 = 0xe2
                    0x00e2                  _IPC29 = 0xe2
                    0x00e2                  _IPC29bits = 0xe2
                    0x00e4                  INTTREG = 0xe4
                    0x00e4                  _INTTREG = 0xe4
                    0x00e4                  _INTTREGbits = 0xe4
                    0x0100                  OSCCON = 0x100
                    0x0100                  _OSCCON = 0x100
                    0x0100                  _OSCCONbits = 0x100
                    0x0100                  OSCCONL = 0x100
                    0x0100                  _OSCCONL = 0x100
                    0x0101                  OSCCONH = 0x101
                    0x0101                  _OSCCONH = 0x101
                    0x0102                  CLKDIV = 0x102
                    0x0102                  _CLKDIV = 0x102
                    0x0102                  _CLKDIVbits = 0x102
                    0x0106                  OSCTUN = 0x106
                    0x0106                  _OSCTUN = 0x106
                    0x0106                  _OSCTUNbits = 0x106
                    0x010c                  OSCDIV = 0x10c
                    0x010c                  _OSCDIV = 0x10c
                    0x010c                  _OSCDIVbits = 0x10c
                    0x010e                  OSCFDIV = 0x10e
                    0x010e                  _OSCFDIV = 0x10e
                    0x010e                  _OSCFDIVbits = 0x10e
                    0x0110                  RCON = 0x110
                    0x0110                  _RCON = 0x110
                    0x0110                  _RCONbits = 0x110
                    0x0114                  HLVDCON = 0x114
                    0x0114                  _HLVDCON = 0x114
                    0x0114                  _HLVDCONbits = 0x114
                    0x0158                  CRCCON1 = 0x158
                    0x0158                  _CRCCON1 = 0x158
                    0x0158                  _CRCCON1bits = 0x158
                    0x015a                  CRCCON2 = 0x15a
                    0x015a                  _CRCCON2 = 0x15a
                    0x015a                  _CRCCON2bits = 0x15a
                    0x015c                  CRCXORL = 0x15c
                    0x015c                  _CRCXORL = 0x15c
                    0x015c                  _CRCXORLbits = 0x15c
                    0x015e                  CRCXORH = 0x15e
                    0x015e                  _CRCXORH = 0x15e
                    0x015e                  _CRCXORHbits = 0x15e
                    0x0160                  CRCDAT = 0x160
                    0x0160                  _CRCDAT = 0x160
                    0x0160                  CRCDATL = 0x160
                    0x0160                  _CRCDATL = 0x160
                    0x0162                  CRCDATH = 0x162
                    0x0162                  _CRCDATH = 0x162
                    0x0164                  CRCWDAT = 0x164
                    0x0164                  _CRCWDAT = 0x164
                    0x0164                  CRCWDATL = 0x164
                    0x0164                  _CRCWDATL = 0x164
                    0x0166                  CRCWDATH = 0x166
                    0x0166                  _CRCWDATH = 0x166
                    0x0168                  REFOCON1 = 0x168
                    0x0168                  _REFOCON1 = 0x168
                    0x0168                  _REFOCON1bits = 0x168
                    0x0168                  REFOCONL = 0x168
                    0x0168                  _REFOCONL = 0x168
                    0x0168                  _REFOCONLbits = 0x168
                    0x016a                  REFOCON2 = 0x16a
                    0x016a                  _REFOCON2 = 0x16a
                    0x016a                  _REFOCON2bits = 0x16a
                    0x016a                  REFOCONH = 0x16a
                    0x016a                  _REFOCONH = 0x16a
                    0x016a                  _REFOCONHbits = 0x16a
                    0x0178                  PMD1 = 0x178
                    0x0178                  _PMD1 = 0x178
                    0x0178                  _PMD1bits = 0x178
                    0x017a                  PMD2 = 0x17a
                    0x017a                  _PMD2 = 0x17a
                    0x017c                  PMD3 = 0x17c
                    0x017c                  _PMD3 = 0x17c
                    0x017c                  _PMD3bits = 0x17c
                    0x017e                  PMD4 = 0x17e
                    0x017e                  _PMD4 = 0x17e
                    0x017e                  _PMD4bits = 0x17e
                    0x0180                  PMD5 = 0x180
                    0x0180                  _PMD5 = 0x180
                    0x0180                  _PMD5bits = 0x180
                    0x0182                  PMD6 = 0x182
                    0x0182                  _PMD6 = 0x182
                    0x0184                  PMD7 = 0x184
                    0x0184                  _PMD7 = 0x184
                    0x0184                  _PMD7bits = 0x184
                    0x0186                  PMD8 = 0x186
                    0x0186                  _PMD8 = 0x186
                    0x0186                  _PMD8bits = 0x186
                    0x0190                  TMR1 = 0x190
                    0x0190                  _TMR1 = 0x190
                    0x0192                  PR1 = 0x192
                    0x0192                  _PR1 = 0x192
                    0x0194                  T1CON = 0x194
                    0x0194                  _T1CON = 0x194
                    0x0194                  _T1CONbits = 0x194
                    0x0196                  TMR2 = 0x196
                    0x0196                  _TMR2 = 0x196
                    0x0198                  TMR3HLD = 0x198
                    0x0198                  _TMR3HLD = 0x198
                    0x019a                  TMR3 = 0x19a
                    0x019a                  _TMR3 = 0x19a
                    0x019c                  PR2 = 0x19c
                    0x019c                  _PR2 = 0x19c
                    0x019e                  PR3 = 0x19e
                    0x019e                  _PR3 = 0x19e
                    0x01a0                  T2CON = 0x1a0
                    0x01a0                  _T2CON = 0x1a0
                    0x01a0                  _T2CONbits = 0x1a0
                    0x01a2                  T3CON = 0x1a2
                    0x01a2                  _T3CON = 0x1a2
                    0x01a2                  _T3CONbits = 0x1a2
                    0x01cc                  RTCCON1L = 0x1cc
                    0x01cc                  _RTCCON1L = 0x1cc
                    0x01cc                  _RTCCON1Lbits = 0x1cc
                    0x01ce                  RTCCON1H = 0x1ce
                    0x01ce                  _RTCCON1H = 0x1ce
                    0x01ce                  _RTCCON1Hbits = 0x1ce
                    0x01d0                  RTCCON2L = 0x1d0
                    0x01d0                  _RTCCON2L = 0x1d0
                    0x01d0                  _RTCCON2Lbits = 0x1d0
                    0x01d2                  RTCCON2H = 0x1d2
                    0x01d2                  _RTCCON2H = 0x1d2
                    0x01d4                  RTCCON3L = 0x1d4
                    0x01d4                  _RTCCON3L = 0x1d4
                    0x01d4                  _RTCCON3Lbits = 0x1d4
                    0x01d8                  RTCSTATL = 0x1d8
                    0x01d8                  _RTCSTATL = 0x1d8
                    0x01d8                  _RTCSTATLbits = 0x1d8
                    0x01dc                  TIMEL = 0x1dc
                    0x01dc                  _TIMEL = 0x1dc
                    0x01dc                  _TIMELbits = 0x1dc
                    0x01de                  TIMEH = 0x1de
                    0x01de                  _TIMEH = 0x1de
                    0x01de                  _TIMEHbits = 0x1de
                    0x01e0                  DATEL = 0x1e0
                    0x01e0                  _DATEL = 0x1e0
                    0x01e0                  _DATELbits = 0x1e0
                    0x01e2                  DATEH = 0x1e2
                    0x01e2                  _DATEH = 0x1e2
                    0x01e2                  _DATEHbits = 0x1e2
                    0x01e4                  ALMTIMEL = 0x1e4
                    0x01e4                  _ALMTIMEL = 0x1e4
                    0x01e4                  _ALMTIMELbits = 0x1e4
                    0x01e6                  ALMTIMEH = 0x1e6
                    0x01e6                  _ALMTIMEH = 0x1e6
                    0x01e6                  _ALMTIMEHbits = 0x1e6
                    0x01e8                  ALMDATEL = 0x1e8
                    0x01e8                  _ALMDATEL = 0x1e8
                    0x01e8                  _ALMDATELbits = 0x1e8
                    0x01ea                  ALMDATEH = 0x1ea
                    0x01ea                  _ALMDATEH = 0x1ea
                    0x01ea                  _ALMDATEHbits = 0x1ea
                    0x01ec                  TSATIMEL = 0x1ec
                    0x01ec                  _TSATIMEL = 0x1ec
                    0x01ec                  _TSATIMELbits = 0x1ec
                    0x01ee                  TSATIMEH = 0x1ee
                    0x01ee                  _TSATIMEH = 0x1ee
                    0x01ee                  _TSATIMEHbits = 0x1ee
                    0x01f0                  TSADATEL = 0x1f0
                    0x01f0                  _TSADATEL = 0x1f0
                    0x01f0                  _TSADATELbits = 0x1f0
                    0x01f2                  TSADATEH = 0x1f2
                    0x01f2                  _TSADATEH = 0x1f2
                    0x01f2                  _TSADATEHbits = 0x1f2
                    0x026c                  CCP1CON1L = 0x26c
                    0x026c                  _CCP1CON1L = 0x26c
                    0x026c                  _CCP1CON1Lbits = 0x26c
                    0x026e                  CCP1CON1H = 0x26e
                    0x026e                  _CCP1CON1H = 0x26e
                    0x026e                  _CCP1CON1Hbits = 0x26e
                    0x0270                  CCP1CON2L = 0x270
                    0x0270                  _CCP1CON2L = 0x270
                    0x0270                  _CCP1CON2Lbits = 0x270
                    0x0272                  CCP1CON2H = 0x272
                    0x0272                  _CCP1CON2H = 0x272
                    0x0272                  _CCP1CON2Hbits = 0x272
                    0x0274                  CCP1CON3L = 0x274
                    0x0274                  _CCP1CON3L = 0x274
                    0x0274                  _CCP1CON3Lbits = 0x274
                    0x0276                  CCP1CON3H = 0x276
                    0x0276                  _CCP1CON3H = 0x276
                    0x0276                  _CCP1CON3Hbits = 0x276
                    0x0278                  CCP1STAT = 0x278
                    0x0278                  _CCP1STAT = 0x278
                    0x0278                  _CCP1STATbits = 0x278
                    0x0278                  CCP1STATL = 0x278
                    0x0278                  _CCP1STATL = 0x278
                    0x0278                  _CCP1STATLbits = 0x278
                    0x027c                  CCP1TMRL = 0x27c
                    0x027c                  _CCP1TMRL = 0x27c
                    0x027e                  CCP1TMRH = 0x27e
                    0x027e                  _CCP1TMRH = 0x27e
                    0x0280                  CCP1PRL = 0x280
                    0x0280                  _CCP1PRL = 0x280
                    0x0282                  CCP1PRH = 0x282
                    0x0282                  _CCP1PRH = 0x282
                    0x0284                  CCP1RA = 0x284
                    0x0284                  _CCP1RA = 0x284
                    0x0284                  CCP1RAL = 0x284
                    0x0284                  _CCP1RAL = 0x284
                    0x0286                  CCP1RAH = 0x286
                    0x0286                  _CCP1RAH = 0x286
                    0x0288                  CCP1RB = 0x288
                    0x0288                  _CCP1RB = 0x288
                    0x0288                  CCP1RBL = 0x288
                    0x0288                  _CCP1RBL = 0x288
                    0x028a                  CCP1RBH = 0x28a
                    0x028a                  _CCP1RBH = 0x28a
                    0x028c                  CCP1BUFL = 0x28c
                    0x028c                  _CCP1BUFL = 0x28c
                    0x028e                  CCP1BUFH = 0x28e
                    0x028e                  _CCP1BUFH = 0x28e
                    0x0290                  CCP2CON1L = 0x290
                    0x0290                  _CCP2CON1L = 0x290
                    0x0290                  _CCP2CON1Lbits = 0x290
                    0x0292                  CCP2CON1H = 0x292
                    0x0292                  _CCP2CON1H = 0x292
                    0x0292                  _CCP2CON1Hbits = 0x292
                    0x0294                  CCP2CON2L = 0x294
                    0x0294                  _CCP2CON2L = 0x294
                    0x0294                  _CCP2CON2Lbits = 0x294
                    0x0296                  CCP2CON2H = 0x296
                    0x0296                  _CCP2CON2H = 0x296
                    0x0296                  _CCP2CON2Hbits = 0x296
                    0x0298                  CCP2CON3L = 0x298
                    0x0298                  _CCP2CON3L = 0x298
                    0x0298                  _CCP2CON3Lbits = 0x298
                    0x029a                  CCP2CON3H = 0x29a
                    0x029a                  _CCP2CON3H = 0x29a
                    0x029a                  _CCP2CON3Hbits = 0x29a
                    0x029c                  CCP2STAT = 0x29c
                    0x029c                  _CCP2STAT = 0x29c
                    0x029c                  _CCP2STATbits = 0x29c
                    0x029c                  CCP2STATL = 0x29c
                    0x029c                  _CCP2STATL = 0x29c
                    0x029c                  _CCP2STATLbits = 0x29c
                    0x02a0                  CCP2TMRL = 0x2a0
                    0x02a0                  _CCP2TMRL = 0x2a0
                    0x02a2                  CCP2TMRH = 0x2a2
                    0x02a2                  _CCP2TMRH = 0x2a2
                    0x02a4                  CCP2PRL = 0x2a4
                    0x02a4                  _CCP2PRL = 0x2a4
                    0x02a6                  CCP2PRH = 0x2a6
                    0x02a6                  _CCP2PRH = 0x2a6
                    0x02a8                  CCP2RA = 0x2a8
                    0x02a8                  _CCP2RA = 0x2a8
                    0x02a8                  CCP2RAL = 0x2a8
                    0x02a8                  _CCP2RAL = 0x2a8
                    0x02aa                  CCP2RAH = 0x2aa
                    0x02aa                  _CCP2RAH = 0x2aa
                    0x02ac                  CCP2RB = 0x2ac
                    0x02ac                  _CCP2RB = 0x2ac
                    0x02ac                  CCP2RBL = 0x2ac
                    0x02ac                  _CCP2RBL = 0x2ac
                    0x02ae                  CCP2RBH = 0x2ae
                    0x02ae                  _CCP2RBH = 0x2ae
                    0x02b0                  CCP2BUFL = 0x2b0
                    0x02b0                  _CCP2BUFL = 0x2b0
                    0x02b2                  CCP2BUFH = 0x2b2
                    0x02b2                  _CCP2BUFH = 0x2b2
                    0x02b4                  CCP3CON1L = 0x2b4
                    0x02b4                  _CCP3CON1L = 0x2b4
                    0x02b4                  _CCP3CON1Lbits = 0x2b4
                    0x02b6                  CCP3CON1H = 0x2b6
                    0x02b6                  _CCP3CON1H = 0x2b6
                    0x02b6                  _CCP3CON1Hbits = 0x2b6
                    0x02b8                  CCP3CON2L = 0x2b8
                    0x02b8                  _CCP3CON2L = 0x2b8
                    0x02b8                  _CCP3CON2Lbits = 0x2b8
                    0x02ba                  CCP3CON2H = 0x2ba
                    0x02ba                  _CCP3CON2H = 0x2ba
                    0x02ba                  _CCP3CON2Hbits = 0x2ba
                    0x02bc                  CCP3CON3L = 0x2bc
                    0x02bc                  _CCP3CON3L = 0x2bc
                    0x02bc                  _CCP3CON3Lbits = 0x2bc
                    0x02be                  CCP3CON3H = 0x2be
                    0x02be                  _CCP3CON3H = 0x2be
                    0x02be                  _CCP3CON3Hbits = 0x2be
                    0x02c0                  CCP3STAT = 0x2c0
                    0x02c0                  _CCP3STAT = 0x2c0
                    0x02c0                  _CCP3STATbits = 0x2c0
                    0x02c0                  CCP3STATL = 0x2c0
                    0x02c0                  _CCP3STATL = 0x2c0
                    0x02c0                  _CCP3STATLbits = 0x2c0
                    0x02c4                  CCP3TMRL = 0x2c4
                    0x02c4                  _CCP3TMRL = 0x2c4
                    0x02c6                  CCP3TMRH = 0x2c6
                    0x02c6                  _CCP3TMRH = 0x2c6
                    0x02c8                  CCP3PRL = 0x2c8
                    0x02c8                  _CCP3PRL = 0x2c8
                    0x02ca                  CCP3PRH = 0x2ca
                    0x02ca                  _CCP3PRH = 0x2ca
                    0x02cc                  CCP3RA = 0x2cc
                    0x02cc                  _CCP3RA = 0x2cc
                    0x02cc                  CCP3RAL = 0x2cc
                    0x02cc                  _CCP3RAL = 0x2cc
                    0x02ce                  CCP3RAH = 0x2ce
                    0x02ce                  _CCP3RAH = 0x2ce
                    0x02d0                  CCP3RB = 0x2d0
                    0x02d0                  _CCP3RB = 0x2d0
                    0x02d0                  CCP3RBL = 0x2d0
                    0x02d0                  _CCP3RBL = 0x2d0
                    0x02d2                  CCP3RBH = 0x2d2
                    0x02d2                  _CCP3RBH = 0x2d2
                    0x02d4                  CCP3BUFL = 0x2d4
                    0x02d4                  _CCP3BUFL = 0x2d4
                    0x02d6                  CCP3BUFH = 0x2d6
                    0x02d6                  _CCP3BUFH = 0x2d6
                    0x02e6                  CMSTAT = 0x2e6
                    0x02e6                  _CMSTAT = 0x2e6
                    0x02e6                  _CMSTATbits = 0x2e6
                    0x02e8                  CVRCON = 0x2e8
                    0x02e8                  _CVRCON = 0x2e8
                    0x02e8                  _CVRCONbits = 0x2e8
                    0x02ea                  CM1CON = 0x2ea
                    0x02ea                  _CM1CON = 0x2ea
                    0x02ea                  _CM1CONbits = 0x2ea
                    0x02ec                  CM2CON = 0x2ec
                    0x02ec                  _CM2CON = 0x2ec
                    0x02ec                  _CM2CONbits = 0x2ec
                    0x02ee                  CM3CON = 0x2ee
                    0x02ee                  _CM3CON = 0x2ee
                    0x02ee                  _CM3CONbits = 0x2ee
                    0x02f4                  ANCFG = 0x2f4
                    0x02f4                  _ANCFG = 0x2f4
                    0x02f4                  _ANCFGbits = 0x2f4
                    0x0300                  CCP4CON1L = 0x300
                    0x0300                  _CCP4CON1L = 0x300
                    0x0300                  _CCP4CON1Lbits = 0x300
                    0x0302                  CCP4CON1H = 0x302
                    0x0302                  _CCP4CON1H = 0x302
                    0x0302                  _CCP4CON1Hbits = 0x302
                    0x0304                  CCP4CON2L = 0x304
                    0x0304                  _CCP4CON2L = 0x304
                    0x0304                  _CCP4CON2Lbits = 0x304
                    0x0306                  CCP4CON2H = 0x306
                    0x0306                  _CCP4CON2H = 0x306
                    0x0306                  _CCP4CON2Hbits = 0x306
                    0x0308                  CCP4CON3L = 0x308
                    0x0308                  _CCP4CON3L = 0x308
                    0x0308                  _CCP4CON3Lbits = 0x308
                    0x030a                  CCP4CON3H = 0x30a
                    0x030a                  _CCP4CON3H = 0x30a
                    0x030a                  _CCP4CON3Hbits = 0x30a
                    0x030c                  CCP4STAT = 0x30c
                    0x030c                  _CCP4STAT = 0x30c
                    0x030c                  _CCP4STATbits = 0x30c
                    0x030c                  CCP4STATL = 0x30c
                    0x030c                  _CCP4STATL = 0x30c
                    0x030c                  _CCP4STATLbits = 0x30c
                    0x0310                  CCP4TMRL = 0x310
                    0x0310                  _CCP4TMRL = 0x310
                    0x0312                  CCP4TMRH = 0x312
                    0x0312                  _CCP4TMRH = 0x312
                    0x0314                  CCP4PRL = 0x314
                    0x0314                  _CCP4PRL = 0x314
                    0x0316                  CCP4PRH = 0x316
                    0x0316                  _CCP4PRH = 0x316
                    0x0318                  CCP4RA = 0x318
                    0x0318                  _CCP4RA = 0x318
                    0x0318                  CCP4RAL = 0x318
                    0x0318                  _CCP4RAL = 0x318
                    0x031a                  CCP4RAH = 0x31a
                    0x031a                  _CCP4RAH = 0x31a
                    0x031c                  CCP4RB = 0x31c
                    0x031c                  _CCP4RB = 0x31c
                    0x031c                  CCP4RBL = 0x31c
                    0x031c                  _CCP4RBL = 0x31c
                    0x031e                  CCP4RBH = 0x31e
                    0x031e                  _CCP4RBH = 0x31e
                    0x0320                  CCP4BUFL = 0x320
                    0x0320                  _CCP4BUFL = 0x320
                    0x0322                  CCP4BUFH = 0x322
                    0x0322                  _CCP4BUFH = 0x322
                    0x0324                  CCP5CON1L = 0x324
                    0x0324                  _CCP5CON1L = 0x324
                    0x0324                  _CCP5CON1Lbits = 0x324
                    0x0326                  CCP5CON1H = 0x326
                    0x0326                  _CCP5CON1H = 0x326
                    0x0326                  _CCP5CON1Hbits = 0x326
                    0x0328                  CCP5CON2L = 0x328
                    0x0328                  _CCP5CON2L = 0x328
                    0x0328                  _CCP5CON2Lbits = 0x328
                    0x032a                  CCP5CON2H = 0x32a
                    0x032a                  _CCP5CON2H = 0x32a
                    0x032a                  _CCP5CON2Hbits = 0x32a
                    0x032c                  CCP5CON3L = 0x32c
                    0x032c                  _CCP5CON3L = 0x32c
                    0x032c                  _CCP5CON3Lbits = 0x32c
                    0x032e                  CCP5CON3H = 0x32e
                    0x032e                  _CCP5CON3H = 0x32e
                    0x032e                  _CCP5CON3Hbits = 0x32e
                    0x0330                  CCP5STAT = 0x330
                    0x0330                  _CCP5STAT = 0x330
                    0x0330                  _CCP5STATbits = 0x330
                    0x0330                  CCP5STATL = 0x330
                    0x0330                  _CCP5STATL = 0x330
                    0x0330                  _CCP5STATLbits = 0x330
                    0x0334                  CCP5TMRL = 0x334
                    0x0334                  _CCP5TMRL = 0x334
                    0x0336                  CCP5TMRH = 0x336
                    0x0336                  _CCP5TMRH = 0x336
                    0x0338                  CCP5PRL = 0x338
                    0x0338                  _CCP5PRL = 0x338
                    0x033a                  CCP5PRH = 0x33a
                    0x033a                  _CCP5PRH = 0x33a
                    0x033c                  CCP5RA = 0x33c
                    0x033c                  _CCP5RA = 0x33c
                    0x033c                  CCP5RAL = 0x33c
                    0x033c                  _CCP5RAL = 0x33c
                    0x033e                  CCP5RAH = 0x33e
                    0x033e                  _CCP5RAH = 0x33e
                    0x0340                  CCP5RB = 0x340
                    0x0340                  _CCP5RB = 0x340
                    0x0340                  CCP5RBL = 0x340
                    0x0340                  _CCP5RBL = 0x340
                    0x0342                  CCP5RBH = 0x342
                    0x0342                  _CCP5RBH = 0x342
                    0x0344                  CCP5BUFL = 0x344
                    0x0344                  _CCP5BUFL = 0x344
                    0x0346                  CCP5BUFH = 0x346
                    0x0346                  _CCP5BUFH = 0x346
                    0x0398                  U1MODE = 0x398
                    0x0398                  _U1MODE = 0x398
                    0x0398                  _U1MODEbits = 0x398
                    0x039a                  U1STA = 0x39a
                    0x039a                  _U1STA = 0x39a
                    0x039a                  _U1STAbits = 0x39a
                    0x039c                  U1TXREG = 0x39c
                    0x039c                  _U1TXREG = 0x39c
                    0x039e                  U1RXREG = 0x39e
                    0x039e                  _U1RXREG = 0x39e
                    0x03a0                  U1BRG = 0x3a0
                    0x03a0                  _U1BRG = 0x3a0
                    0x03ae                  U2MODE = 0x3ae
                    0x03ae                  _U2MODE = 0x3ae
                    0x03ae                  _U2MODEbits = 0x3ae
                    0x03b0                  U2STA = 0x3b0
                    0x03b0                  _U2STA = 0x3b0
                    0x03b0                  _U2STAbits = 0x3b0
                    0x03b2                  U2TXREG = 0x3b2
                    0x03b2                  _U2TXREG = 0x3b2
                    0x03b4                  U2RXREG = 0x3b4
                    0x03b4                  _U2RXREG = 0x3b4
                    0x03b6                  U2BRG = 0x3b6
                    0x03b6                  _U2BRG = 0x3b6
                    0x03f4                  SPI1CON1 = 0x3f4
                    0x03f4                  _SPI1CON1 = 0x3f4
                    0x03f4                  _SPI1CON1bits = 0x3f4
                    0x03f4                  SPI1CON1L = 0x3f4
                    0x03f4                  _SPI1CON1L = 0x3f4
                    0x03f4                  _SPI1CON1Lbits = 0x3f4
                    0x03f6                  SPI1CON1H = 0x3f6
                    0x03f6                  _SPI1CON1H = 0x3f6
                    0x03f6                  _SPI1CON1Hbits = 0x3f6
                    0x03f6                  SPI1CON2 = 0x3f6
                    0x03f6                  _SPI1CON2 = 0x3f6
                    0x03f6                  _SPI1CON2bits = 0x3f6
                    0x03f8                  SPI1CON2L = 0x3f8
                    0x03f8                  _SPI1CON2L = 0x3f8
                    0x03f8                  _SPI1CON2Lbits = 0x3f8
                    0x03f8                  SPI1CON3 = 0x3f8
                    0x03f8                  _SPI1CON3 = 0x3f8
                    0x03f8                  _SPI1CON3bits = 0x3f8
                    0x03fc                  SPI1STATL = 0x3fc
                    0x03fc                  _SPI1STATL = 0x3fc
                    0x03fc                  _SPI1STATLbits = 0x3fc
                    0x03fe                  SPI1STATH = 0x3fe
                    0x03fe                  _SPI1STATH = 0x3fe
                    0x03fe                  _SPI1STATHbits = 0x3fe
                    0x0400                  SPI1BUFL = 0x400
                    0x0400                  _SPI1BUFL = 0x400
                    0x0400                  _SPI1BUFLbits = 0x400
                    0x0402                  SPI1BUFH = 0x402
                    0x0402                  _SPI1BUFH = 0x402
                    0x0402                  _SPI1BUFHbits = 0x402
                    0x0404                  SPI1BRGL = 0x404
                    0x0404                  _SPI1BRGL = 0x404
                    0x0404                  _SPI1BRGLbits = 0x404
                    0x0408                  SPI1IMSK1 = 0x408
                    0x0408                  _SPI1IMSK1 = 0x408
                    0x0408                  _SPI1IMSK1bits = 0x408
                    0x0408                  SPI1IMSKL = 0x408
                    0x0408                  _SPI1IMSKL = 0x408
                    0x0408                  _SPI1IMSKLbits = 0x408
                    0x040a                  SPI1IMSK2 = 0x40a
                    0x040a                  _SPI1IMSK2 = 0x40a
                    0x040a                  _SPI1IMSK2bits = 0x40a
                    0x040a                  SPI1IMSKH = 0x40a
                    0x040a                  _SPI1IMSKH = 0x40a
                    0x040a                  _SPI1IMSKHbits = 0x40a
                    0x040c                  SPI1URDTL = 0x40c
                    0x040c                  _SPI1URDTL = 0x40c
                    0x040c                  _SPI1URDTLbits = 0x40c
                    0x040e                  SPI1URDTH = 0x40e
                    0x040e                  _SPI1URDTH = 0x40e
                    0x040e                  _SPI1URDTHbits = 0x40e
                    0x0410                  SPI2CON1 = 0x410
                    0x0410                  _SPI2CON1 = 0x410
                    0x0410                  _SPI2CON1bits = 0x410
                    0x0410                  SPI2CON1L = 0x410
                    0x0410                  _SPI2CON1L = 0x410
                    0x0410                  _SPI2CON1Lbits = 0x410
                    0x0412                  SPI2CON1H = 0x412
                    0x0412                  _SPI2CON1H = 0x412
                    0x0412                  _SPI2CON1Hbits = 0x412
                    0x0412                  SPI2CON2 = 0x412
                    0x0412                  _SPI2CON2 = 0x412
                    0x0412                  _SPI2CON2bits = 0x412
                    0x0414                  SPI2CON2L = 0x414
                    0x0414                  _SPI2CON2L = 0x414
                    0x0414                  _SPI2CON2Lbits = 0x414
                    0x0414                  SPI2CON3 = 0x414
                    0x0414                  _SPI2CON3 = 0x414
                    0x0414                  _SPI2CON3bits = 0x414
                    0x0418                  SPI2STATL = 0x418
                    0x0418                  _SPI2STATL = 0x418
                    0x0418                  _SPI2STATLbits = 0x418
                    0x041a                  SPI2STATH = 0x41a
                    0x041a                  _SPI2STATH = 0x41a
                    0x041a                  _SPI2STATHbits = 0x41a
                    0x041c                  SPI2BUFL = 0x41c
                    0x041c                  _SPI2BUFL = 0x41c
                    0x041c                  _SPI2BUFLbits = 0x41c
                    0x041e                  SPI2BUFH = 0x41e
                    0x041e                  _SPI2BUFH = 0x41e
                    0x041e                  _SPI2BUFHbits = 0x41e
                    0x0420                  SPI2BRGL = 0x420
                    0x0420                  _SPI2BRGL = 0x420
                    0x0420                  _SPI2BRGLbits = 0x420
                    0x0424                  SPI2IMSK1 = 0x424
                    0x0424                  _SPI2IMSK1 = 0x424
                    0x0424                  _SPI2IMSK1bits = 0x424
                    0x0424                  SPI2IMSKL = 0x424
                    0x0424                  _SPI2IMSKL = 0x424
                    0x0424                  _SPI2IMSKLbits = 0x424
                    0x0426                  SPI2IMSK2 = 0x426
                    0x0426                  _SPI2IMSK2 = 0x426
                    0x0426                  _SPI2IMSK2bits = 0x426
                    0x0426                  SPI2IMSKH = 0x426
                    0x0426                  _SPI2IMSKH = 0x426
                    0x0426                  _SPI2IMSKHbits = 0x426
                    0x0428                  SPI2URDTL = 0x428
                    0x0428                  _SPI2URDTL = 0x428
                    0x0428                  _SPI2URDTLbits = 0x428
                    0x042a                  SPI2URDTH = 0x42a
                    0x042a                  _SPI2URDTH = 0x42a
                    0x042a                  _SPI2URDTHbits = 0x42a
                    0x0464                  CLC1CONL = 0x464
                    0x0464                  _CLC1CONL = 0x464
                    0x0464                  _CLC1CONLbits = 0x464
                    0x0466                  CLC1CONH = 0x466
                    0x0466                  _CLC1CONH = 0x466
                    0x0466                  _CLC1CONHbits = 0x466
                    0x0468                  CLC1SEL = 0x468
                    0x0468                  _CLC1SEL = 0x468
                    0x0468                  _CLC1SELbits = 0x468
                    0x0468                  CLC1SELL = 0x468
                    0x0468                  _CLC1SELL = 0x468
                    0x0468                  _CLC1SELLbits = 0x468
                    0x046c                  CLC1GLSL = 0x46c
                    0x046c                  _CLC1GLSL = 0x46c
                    0x046c                  _CLC1GLSLbits = 0x46c
                    0x046e                  CLC1GLSH = 0x46e
                    0x046e                  _CLC1GLSH = 0x46e
                    0x046e                  _CLC1GLSHbits = 0x46e
                    0x0470                  CLC2CONL = 0x470
                    0x0470                  _CLC2CONL = 0x470
                    0x0470                  _CLC2CONLbits = 0x470
                    0x0472                  CLC2CONH = 0x472
                    0x0472                  _CLC2CONH = 0x472
                    0x0472                  _CLC2CONHbits = 0x472
                    0x0474                  CLC2SEL = 0x474
                    0x0474                  _CLC2SEL = 0x474
                    0x0474                  _CLC2SELbits = 0x474
                    0x0474                  CLC2SELL = 0x474
                    0x0474                  _CLC2SELL = 0x474
                    0x0474                  _CLC2SELLbits = 0x474
                    0x0478                  CLC2GLSL = 0x478
                    0x0478                  _CLC2GLSL = 0x478
                    0x0478                  _CLC2GLSLbits = 0x478
                    0x047a                  CLC2GLSH = 0x47a
                    0x047a                  _CLC2GLSH = 0x47a
                    0x047a                  _CLC2GLSHbits = 0x47a
                    0x047c                  CLC3CONL = 0x47c
                    0x047c                  _CLC3CONL = 0x47c
                    0x047c                  _CLC3CONLbits = 0x47c
                    0x047e                  CLC3CONH = 0x47e
                    0x047e                  _CLC3CONH = 0x47e
                    0x047e                  _CLC3CONHbits = 0x47e
                    0x0480                  CLC3SEL = 0x480
                    0x0480                  _CLC3SEL = 0x480
                    0x0480                  _CLC3SELbits = 0x480
                    0x0480                  CLC3SELL = 0x480
                    0x0480                  _CLC3SELL = 0x480
                    0x0480                  _CLC3SELLbits = 0x480
                    0x0484                  CLC3GLSL = 0x484
                    0x0484                  _CLC3GLSL = 0x484
                    0x0484                  _CLC3GLSLbits = 0x484
                    0x0486                  CLC3GLSH = 0x486
                    0x0486                  _CLC3GLSH = 0x486
                    0x0486                  _CLC3GLSHbits = 0x486
                    0x0488                  CLC4CONL = 0x488
                    0x0488                  _CLC4CONL = 0x488
                    0x0488                  _CLC4CONLbits = 0x488
                    0x048a                  CLC4CONH = 0x48a
                    0x048a                  _CLC4CONH = 0x48a
                    0x048a                  _CLC4CONHbits = 0x48a
                    0x048c                  CLC4SEL = 0x48c
                    0x048c                  _CLC4SEL = 0x48c
                    0x048c                  _CLC4SELbits = 0x48c
                    0x048c                  CLC4SELL = 0x48c
                    0x048c                  _CLC4SELL = 0x48c
                    0x048c                  _CLC4SELLbits = 0x48c
                    0x0490                  CLC4GLSL = 0x490
                    0x0490                  _CLC4GLSL = 0x490
                    0x0490                  _CLC4GLSLbits = 0x490
                    0x0492                  CLC4GLSH = 0x492
                    0x0492                  _CLC4GLSH = 0x492
                    0x0492                  _CLC4GLSHbits = 0x492
                    0x0494                  I2C1RCV = 0x494
                    0x0494                  _I2C1RCV = 0x494
                    0x0494                  _I2C1RCVbits = 0x494
                    0x0496                  I2C1TRN = 0x496
                    0x0496                  _I2C1TRN = 0x496
                    0x0496                  _I2C1TRNbits = 0x496
                    0x0498                  I2C1BRG = 0x498
                    0x0498                  _I2C1BRG = 0x498
                    0x049a                  I2C1CON1 = 0x49a
                    0x049a                  _I2C1CON1 = 0x49a
                    0x049a                  _I2C1CON1bits = 0x49a
                    0x049a                  I2C1CONL = 0x49a
                    0x049a                  _I2C1CONL = 0x49a
                    0x049a                  _I2C1CONLbits = 0x49a
                    0x049c                  I2C1CON2 = 0x49c
                    0x049c                  _I2C1CON2 = 0x49c
                    0x049c                  _I2C1CON2bits = 0x49c
                    0x049c                  I2C1CONH = 0x49c
                    0x049c                  _I2C1CONH = 0x49c
                    0x049c                  _I2C1CONHbits = 0x49c
                    0x049e                  I2C1STAT = 0x49e
                    0x049e                  _I2C1STAT = 0x49e
                    0x049e                  _I2C1STATbits = 0x49e
                    0x04a0                  I2C1ADD = 0x4a0
                    0x04a0                  _I2C1ADD = 0x4a0
                    0x04a0                  _I2C1ADDbits = 0x4a0
                    0x04a2                  I2C1MSK = 0x4a2
                    0x04a2                  _I2C1MSK = 0x4a2
                    0x04a2                  _I2C1MSKbits = 0x4a2
                    0x04a4                  I2C2RCV = 0x4a4
                    0x04a4                  _I2C2RCV = 0x4a4
                    0x04a4                  _I2C2RCVbits = 0x4a4
                    0x04a6                  I2C2TRN = 0x4a6
                    0x04a6                  _I2C2TRN = 0x4a6
                    0x04a6                  _I2C2TRNbits = 0x4a6
                    0x04a8                  I2C2BRG = 0x4a8
                    0x04a8                  _I2C2BRG = 0x4a8
                    0x04aa                  I2C2CON1 = 0x4aa
                    0x04aa                  _I2C2CON1 = 0x4aa
                    0x04aa                  _I2C2CON1bits = 0x4aa
                    0x04aa                  I2C2CONL = 0x4aa
                    0x04aa                  _I2C2CONL = 0x4aa
                    0x04aa                  _I2C2CONLbits = 0x4aa
                    0x04ac                  I2C2CON2 = 0x4ac
                    0x04ac                  _I2C2CON2 = 0x4ac
                    0x04ac                  _I2C2CON2bits = 0x4ac
                    0x04ac                  I2C2CONH = 0x4ac
                    0x04ac                  _I2C2CONH = 0x4ac
                    0x04ac                  _I2C2CONHbits = 0x4ac
                    0x04ae                  I2C2STAT = 0x4ae
                    0x04ae                  _I2C2STAT = 0x4ae
                    0x04ae                  _I2C2STATbits = 0x4ae
                    0x04b0                  I2C2ADD = 0x4b0
                    0x04b0                  _I2C2ADD = 0x4b0
                    0x04b0                  _I2C2ADDbits = 0x4b0
                    0x04b2                  I2C2MSK = 0x4b2
                    0x04b2                  _I2C2MSK = 0x4b2
                    0x04b2                  _I2C2MSKbits = 0x4b2
                    0x04c4                  DMACON = 0x4c4
                    0x04c4                  _DMACON = 0x4c4
                    0x04c4                  _DMACONbits = 0x4c4
                    0x04c6                  DMABUF = 0x4c6
                    0x04c6                  _DMABUF = 0x4c6
                    0x04c8                  DMAL = 0x4c8
                    0x04c8                  _DMAL = 0x4c8
                    0x04ca                  DMAH = 0x4ca
                    0x04ca                  _DMAH = 0x4ca
                    0x04cc                  DMACH0 = 0x4cc
                    0x04cc                  _DMACH0 = 0x4cc
                    0x04cc                  _DMACH0bits = 0x4cc
                    0x04ce                  DMAINT0 = 0x4ce
                    0x04ce                  _DMAINT0 = 0x4ce
                    0x04ce                  _DMAINT0bits = 0x4ce
                    0x04d0                  DMASRC0 = 0x4d0
                    0x04d0                  _DMASRC0 = 0x4d0
                    0x04d2                  DMADST0 = 0x4d2
                    0x04d2                  _DMADST0 = 0x4d2
                    0x04d4                  DMACNT0 = 0x4d4
                    0x04d4                  _DMACNT0 = 0x4d4
                    0x04d6                  DMACH1 = 0x4d6
                    0x04d6                  _DMACH1 = 0x4d6
                    0x04d6                  _DMACH1bits = 0x4d6
                    0x04d8                  DMAINT1 = 0x4d8
                    0x04d8                  _DMAINT1 = 0x4d8
                    0x04d8                  _DMAINT1bits = 0x4d8
                    0x04da                  DMASRC1 = 0x4da
                    0x04da                  _DMASRC1 = 0x4da
                    0x04dc                  DMADST1 = 0x4dc
                    0x04dc                  _DMADST1 = 0x4dc
                    0x04de                  DMACNT1 = 0x4de
                    0x04de                  _DMACNT1 = 0x4de
                    0x0600                  U1OTGIR = 0x600
                    0x0600                  _U1OTGIR = 0x600
                    0x0600                  _U1OTGIRbits = 0x600
                    0x0602                  U1OTGIE = 0x602
                    0x0602                  _U1OTGIE = 0x602
                    0x0602                  _U1OTGIEbits = 0x602
                    0x0604                  U1OTGSTAT = 0x604
                    0x0604                  _U1OTGSTAT = 0x604
                    0x0604                  _U1OTGSTATbits = 0x604
                    0x0606                  U1OTGCON = 0x606
                    0x0606                  _U1OTGCON = 0x606
                    0x0606                  _U1OTGCONbits = 0x606
                    0x0608                  U1PWRC = 0x608
                    0x0608                  _U1PWRC = 0x608
                    0x0608                  _U1PWRCbits = 0x608
                    0x060a                  U1IR = 0x60a
                    0x060a                  _U1IR = 0x60a
                    0x060a                  _U1IRbits = 0x60a
                    0x060c                  U1IE = 0x60c
                    0x060c                  _U1IE = 0x60c
                    0x060c                  _U1IEbits = 0x60c
                    0x060e                  U1EIR = 0x60e
                    0x060e                  _U1EIR = 0x60e
                    0x060e                  _U1EIRbits = 0x60e
                    0x0610                  U1EIE = 0x610
                    0x0610                  _U1EIE = 0x610
                    0x0610                  _U1EIEbits = 0x610
                    0x0612                  U1STAT = 0x612
                    0x0612                  _U1STAT = 0x612
                    0x0612                  _U1STATbits = 0x612
                    0x0614                  U1CON = 0x614
                    0x0614                  _U1CON = 0x614
                    0x0614                  _U1CONbits = 0x614
                    0x0616                  U1ADDR = 0x616
                    0x0616                  _U1ADDR = 0x616
                    0x0616                  _U1ADDRbits = 0x616
                    0x0618                  U1BDTP1 = 0x618
                    0x0618                  _U1BDTP1 = 0x618
                    0x0618                  _U1BDTP1bits = 0x618
                    0x061a                  U1FRML = 0x61a
                    0x061a                  _U1FRML = 0x61a
                    0x061a                  _U1FRMLbits = 0x61a
                    0x061c                  U1FRMH = 0x61c
                    0x061c                  _U1FRMH = 0x61c
                    0x061c                  _U1FRMHbits = 0x61c
                    0x061e                  U1TOK = 0x61e
                    0x061e                  _U1TOK = 0x61e
                    0x061e                  _U1TOKbits = 0x61e
                    0x0620                  U1SOF = 0x620
                    0x0620                  _U1SOF = 0x620
                    0x0620                  _U1SOFbits = 0x620
                    0x0622                  U1BDTP2 = 0x622
                    0x0622                  _U1BDTP2 = 0x622
                    0x0622                  _U1BDTP2bits = 0x622
                    0x0624                  U1BDTP3 = 0x624
                    0x0624                  _U1BDTP3 = 0x624
                    0x0624                  _U1BDTP3bits = 0x624
                    0x0626                  U1CNFG1 = 0x626
                    0x0626                  _U1CNFG1 = 0x626
                    0x0626                  _U1CNFG1bits = 0x626
                    0x0628                  U1CNFG2 = 0x628
                    0x0628                  _U1CNFG2 = 0x628
                    0x0628                  _U1CNFG2bits = 0x628
                    0x062a                  U1EP0 = 0x62a
                    0x062a                  _U1EP0 = 0x62a
                    0x062a                  _U1EP0bits = 0x62a
                    0x062c                  U1EP1 = 0x62c
                    0x062c                  _U1EP1 = 0x62c
                    0x062c                  _U1EP1bits = 0x62c
                    0x062e                  U1EP2 = 0x62e
                    0x062e                  _U1EP2 = 0x62e
                    0x062e                  _U1EP2bits = 0x62e
                    0x0630                  U1EP3 = 0x630
                    0x0630                  _U1EP3 = 0x630
                    0x0630                  _U1EP3bits = 0x630
                    0x0632                  U1EP4 = 0x632
                    0x0632                  _U1EP4 = 0x632
                    0x0632                  _U1EP4bits = 0x632
                    0x0634                  U1EP5 = 0x634
                    0x0634                  _U1EP5 = 0x634
                    0x0634                  _U1EP5bits = 0x634
                    0x0636                  U1EP6 = 0x636
                    0x0636                  _U1EP6 = 0x636
                    0x0636                  _U1EP6bits = 0x636
                    0x0638                  U1EP7 = 0x638
                    0x0638                  _U1EP7 = 0x638
                    0x0638                  _U1EP7bits = 0x638
                    0x063a                  U1EP8 = 0x63a
                    0x063a                  _U1EP8 = 0x63a
                    0x063a                  _U1EP8bits = 0x63a
                    0x063c                  U1EP9 = 0x63c
                    0x063c                  _U1EP9 = 0x63c
                    0x063c                  _U1EP9bits = 0x63c
                    0x063e                  U1EP10 = 0x63e
                    0x063e                  _U1EP10 = 0x63e
                    0x063e                  _U1EP10bits = 0x63e
                    0x0640                  U1EP11 = 0x640
                    0x0640                  _U1EP11 = 0x640
                    0x0640                  _U1EP11bits = 0x640
                    0x0642                  U1EP12 = 0x642
                    0x0642                  _U1EP12 = 0x642
                    0x0642                  _U1EP12bits = 0x642
                    0x0644                  U1EP13 = 0x644
                    0x0644                  _U1EP13 = 0x644
                    0x0644                  _U1EP13bits = 0x644
                    0x0646                  U1EP14 = 0x646
                    0x0646                  _U1EP14 = 0x646
                    0x0646                  _U1EP14bits = 0x646
                    0x0648                  U1EP15 = 0x648
                    0x0648                  _U1EP15 = 0x648
                    0x0648                  _U1EP15bits = 0x648
                    0x065e                  PADCON = 0x65e
                    0x065e                  _PADCON = 0x65e
                    0x065e                  _PADCONbits = 0x65e
                    0x0660                  IOCSTAT = 0x660
                    0x0660                  _IOCSTAT = 0x660
                    0x0660                  _IOCSTATbits = 0x660
                    0x0662                  TRISA = 0x662
                    0x0662                  _TRISA = 0x662
                    0x0662                  _TRISAbits = 0x662
                    0x0664                  PORTA = 0x664
                    0x0664                  _PORTA = 0x664
                    0x0664                  _PORTAbits = 0x664
                    0x0666                  LATA = 0x666
                    0x0666                  _LATA = 0x666
                    0x0666                  _LATAbits = 0x666
                    0x0668                  ODCA = 0x668
                    0x0668                  _ODCA = 0x668
                    0x0668                  _ODCAbits = 0x668
                    0x066a                  ANSA = 0x66a
                    0x066a                  _ANSA = 0x66a
                    0x066a                  _ANSAbits = 0x66a
                    0x066a                  ANSELA = 0x66a
                    0x066a                  _ANSELA = 0x66a
                    0x066a                  _ANSELAbits = 0x66a
                    0x066c                  IOCPA = 0x66c
                    0x066c                  _IOCPA = 0x66c
                    0x066c                  _IOCPAbits = 0x66c
                    0x066e                  IOCNA = 0x66e
                    0x066e                  _IOCNA = 0x66e
                    0x066e                  _IOCNAbits = 0x66e
                    0x0670                  IOCFA = 0x670
                    0x0670                  _IOCFA = 0x670
                    0x0670                  _IOCFAbits = 0x670
                    0x0672                  CNPUA = 0x672
                    0x0672                  _CNPUA = 0x672
                    0x0672                  _CNPUAbits = 0x672
                    0x0672                  IOCPUA = 0x672
                    0x0672                  _IOCPUA = 0x672
                    0x0672                  _IOCPUAbits = 0x672
                    0x0674                  CNPDA = 0x674
                    0x0674                  _CNPDA = 0x674
                    0x0674                  _CNPDAbits = 0x674
                    0x0674                  IOCPDA = 0x674
                    0x0674                  _IOCPDA = 0x674
                    0x0674                  _IOCPDAbits = 0x674
                    0x0676                  TRISB = 0x676
                    0x0676                  _TRISB = 0x676
                    0x0676                  _TRISBbits = 0x676
                    0x0678                  PORTB = 0x678
                    0x0678                  _PORTB = 0x678
                    0x0678                  _PORTBbits = 0x678
                    0x067a                  LATB = 0x67a
                    0x067a                  _LATB = 0x67a
                    0x067a                  _LATBbits = 0x67a
                    0x067c                  ODCB = 0x67c
                    0x067c                  _ODCB = 0x67c
                    0x067c                  _ODCBbits = 0x67c
                    0x067e                  ANSB = 0x67e
                    0x067e                  _ANSB = 0x67e
                    0x067e                  _ANSBbits = 0x67e
                    0x067e                  ANSELB = 0x67e
                    0x067e                  _ANSELB = 0x67e
                    0x067e                  _ANSELBbits = 0x67e
                    0x0680                  IOCPB = 0x680
                    0x0680                  _IOCPB = 0x680
                    0x0680                  _IOCPBbits = 0x680
                    0x0682                  IOCNB = 0x682
                    0x0682                  _IOCNB = 0x682
                    0x0682                  _IOCNBbits = 0x682
                    0x0684                  IOCFB = 0x684
                    0x0684                  _IOCFB = 0x684
                    0x0684                  _IOCFBbits = 0x684
                    0x0686                  CNPUB = 0x686
                    0x0686                  _CNPUB = 0x686
                    0x0686                  _CNPUBbits = 0x686
                    0x0686                  IOCPUB = 0x686
                    0x0686                  _IOCPUB = 0x686
                    0x0686                  _IOCPUBbits = 0x686
                    0x0688                  CNPDB = 0x688
                    0x0688                  _CNPDB = 0x688
                    0x0688                  _CNPDBbits = 0x688
                    0x0688                  IOCPDB = 0x688
                    0x0688                  _IOCPDB = 0x688
                    0x0688                  _IOCPDBbits = 0x688
                    0x0700                  ADC1BUF0 = 0x700
                    0x0700                  _ADC1BUF0 = 0x700
                    0x0702                  ADC1BUF1 = 0x702
                    0x0702                  _ADC1BUF1 = 0x702
                    0x0704                  ADC1BUF2 = 0x704
                    0x0704                  _ADC1BUF2 = 0x704
                    0x0706                  ADC1BUF3 = 0x706
                    0x0706                  _ADC1BUF3 = 0x706
                    0x0708                  ADC1BUF4 = 0x708
                    0x0708                  _ADC1BUF4 = 0x708
                    0x070a                  ADC1BUF5 = 0x70a
                    0x070a                  _ADC1BUF5 = 0x70a
                    0x070c                  ADC1BUF6 = 0x70c
                    0x070c                  _ADC1BUF6 = 0x70c
                    0x070e                  ADC1BUF7 = 0x70e
                    0x070e                  _ADC1BUF7 = 0x70e
                    0x0712                  ADC1BUF9 = 0x712
                    0x0712                  _ADC1BUF9 = 0x712
                    0x0734                  AD1CON1 = 0x734
                    0x0734                  _AD1CON1 = 0x734
                    0x0734                  _AD1CON1bits = 0x734
                    0x0736                  AD1CON2 = 0x736
                    0x0736                  _AD1CON2 = 0x736
                    0x0736                  _AD1CON2bits = 0x736
                    0x0738                  AD1CON3 = 0x738
                    0x0738                  _AD1CON3 = 0x738
                    0x0738                  _AD1CON3bits = 0x738
                    0x073a                  AD1CHS = 0x73a
                    0x073a                  _AD1CHS = 0x73a
                    0x073a                  _AD1CHSbits = 0x73a
                    0x073a                  AD1CHS0 = 0x73a
                    0x073a                  _AD1CHS0 = 0x73a
                    0x073a                  _AD1CHS0bits = 0x73a
                    0x073c                  AD1CSSH = 0x73c
                    0x073c                  _AD1CSSH = 0x73c
                    0x073c                  _AD1CSSHbits = 0x73c
                    0x073e                  AD1CSSL = 0x73e
                    0x073e                  _AD1CSSL = 0x73e
                    0x073e                  _AD1CSSLbits = 0x73e
                    0x0740                  AD1CON4 = 0x740
                    0x0740                  _AD1CON4 = 0x740
                    0x0740                  _AD1CON4bits = 0x740
                    0x0742                  AD1CON5 = 0x742
                    0x0742                  _AD1CON5 = 0x742
                    0x0742                  _AD1CON5bits = 0x742
                    0x0744                  AD1CHITH = 0x744
                    0x0744                  _AD1CHITH = 0x744
                    0x0746                  AD1CHITL = 0x746
                    0x0746                  _AD1CHITL = 0x746
                    0x0746                  _AD1CHITLbits = 0x746
                    0x074c                  AD1DMBUF = 0x74c
                    0x074c                  _AD1DMBUF = 0x74c
                    0x074c                  _AD1DMBUFbits = 0x74c
                    0x074c                  AD1RESDMA = 0x74c
                    0x074c                  _AD1RESDMA = 0x74c
                    0x074c                  _AD1RESDMAbits = 0x74c
                    0x0760                  NVMCON = 0x760
                    0x0760                  _NVMCON = 0x760
                    0x0760                  _NVMCONbits = 0x760
                    0x0762                  NVMADR = 0x762
                    0x0762                  _NVMADR = 0x762
                    0x0762                  _NVMADRbits = 0x762
                    0x0762                  NVMADRL = 0x762
                    0x0762                  _NVMADRL = 0x762
                    0x0762                  _NVMADRLbits = 0x762
                    0x0764                  NVMADRH = 0x764
                    0x0764                  _NVMADRH = 0x764
                    0x0764                  _NVMADRHbits = 0x764
                    0x0764                  NVMADRU = 0x764
                    0x0764                  _NVMADRU = 0x764
                    0x0764                  _NVMADRUbits = 0x764
                    0x0766                  NVMKEY = 0x766
                    0x0766                  _NVMKEY = 0x766
                    0x076c                  ECCCONL = 0x76c
                    0x076c                  _ECCCONL = 0x76c
                    0x076c                  _ECCCONLbits = 0x76c
                    0x076e                  ECCCONH = 0x76e
                    0x076e                  _ECCCONH = 0x76e
                    0x076e                  _ECCCONHbits = 0x76e
                    0x0770                  ECCADDRL = 0x770
                    0x0770                  _ECCADDRL = 0x770
                    0x0772                  ECCADDRH = 0x772
                    0x0772                  _ECCADDRH = 0x772
                    0x0774                  ECCSTATL = 0x774
                    0x0774                  _ECCSTATL = 0x774
                    0x0774                  _ECCSTATLbits = 0x774
                    0x0776                  ECCSTATH = 0x776
                    0x0776                  _ECCSTATH = 0x776